******************************************************************************
                  TI ARM Linker PC v16.9.6                     
******************************************************************************
>> Linked Sun Jun 17 22:25:30 2018

OUTPUT FILE NAME:   <Gateway.out>
ENTRY POINT SYMBOL: "_c_int00"  address: 00001cc1


MEMORY CONFIGURATION

         name            origin    length      used     unused   attr    fill
----------------------  --------  ---------  --------  --------  ----  --------
  FLASH                 00000000   00040000  00001fc4  0003e03c  R  X
  SRAM                  20000000   00008000  000004f9  00007b07  RW X


SEGMENT ALLOCATION MAP

run origin  load origin   length   init length attrs members
----------  ----------- ---------- ----------- ----- -------
00000000    00000000    00001fc8   00001fc8    r-x
  00000000    00000000    0000026c   0000026c    r-- .intvecs
  0000026c    0000026c    00001c18   00001c18    r-x .text
  00001e84    00001e84    00000108   00000108    r-- .const
  00001f90    00001f90    00000038   00000038    r-- .cinit
20000000    20000000    000004fc   00000000    rw-
  20000000    20000000    000002dd   00000000    rw- .bss
  200002e0    200002e0    00000200   00000000    rw- .stack
  200004e0    200004e0    0000001c   00000000    rw- .data


SECTION ALLOCATION MAP

 output                                  attributes/
section   page    origin      length       input sections
--------  ----  ----------  ----------   ----------------
.intvecs   0    00000000    0000026c     
                  00000000    0000026c     tm4c123gh6pm_startup_ccs.obj (.intvecs)

.text      0    0000026c    00001c18     
                  0000026c    00000688     UART.obj (.text)
                  000008f4    00000598     MQTTPacket.obj (.text)
                  00000e8c    000003ac     MQTTConnectClient.obj (.text)
                  00001238    000003a8     MQTT.obj (.text)
                  000015e0    00000228     MQTTSerializePublish.obj (.text)
                  00001808    00000218     MQTTSubscribeClient.obj (.text)
                  00001a20    000000b0     main.obj (.text)
                  00001ad0    0000009c     rtsv7M4_T_le_v4SPD16_eabi.lib : memcpy_t2.obj (.text)
                  00001b6c    0000007a                                   : memset_t2.obj (.text)
                  00001be6    00000002                                   : mpu_init.obj (.text)
                  00001be8    00000070                                   : autoinit.obj (.text)
                  00001c58    00000068                                   : copy_decompress_lzss.obj (.text:decompress:lzss)
                  00001cc0    00000054                                   : boot.obj (.text)
                  00001d14    00000054                                   : exit.obj (.text)
                  00001d68    0000004c                                   : cpy_tbl.obj (.text)
                  00001db4    0000002c                                   : strncmp.obj (.text)
                  00001de0    00000018                                   : args_main.obj (.text)
                  00001df8    00000014                                   : _lock.obj (.text)
                  00001e0c    00000014                                   : strlen.obj (.text)
                  00001e20    00000010     driverlib.lib : interrupt.obj (.text:IntMasterDisable)
                  00001e30    00000010                   : interrupt.obj (.text:IntMasterEnable)
                  00001e40    0000000e     rtsv7M4_T_le_v4SPD16_eabi.lib : copy_decompress_none.obj (.text:decompress:none)
                  00001e4e    0000000c     driverlib.lib : cpu.obj (.text:CPUcpsid)
                  00001e5a    0000000c                   : cpu.obj (.text:CPUcpsie)
                  00001e66    0000000c     rtsv7M4_T_le_v4SPD16_eabi.lib : copy_zero_init.obj (.text:decompress:ZI)
                  00001e72    0000000c     tm4c123gh6pm_startup_ccs.obj (.text)
                  00001e7e    00000004     rtsv7M4_T_le_v4SPD16_eabi.lib : pre_init.obj (.text)
                  00001e82    00000002                                   : startup.obj (.text)

.const     0    00001e84    00000108     
                  00001e84    00000058     MQTT.obj (.const:$P$T0$1)
                  00001edc    00000058     MQTT.obj (.const:$P$T3$4)
                  00001f34    00000012     MQTT.obj (.const:.string:$P$T1$2)
                  00001f46    00000002     --HOLE-- [fill = 0]
                  00001f48    0000000c     MQTT.obj (.const:$P$T2$3)
                  00001f54    0000000c     MQTT.obj (.const:$P$T4$5)
                  00001f60    00000004     MQTTConnectClient.obj (.const:$P$T0$1)
                  00001f64    00000004     MQTTPacket.obj (.const:$P$T0$1)
                  00001f68    00000004     MQTTSerializePublish.obj (.const:$P$T0$1)
                  00001f6c    00000004     MQTTSubscribeClient.obj (.const:$P$T0$1)
                  00001f70    00000004     MQTTConnectClient.obj (.const:$P$T1$2)
                  00001f74    00000004     MQTTPacket.obj (.const:$P$T1$2)
                  00001f78    00000004     MQTTSerializePublish.obj (.const:$P$T1$2)
                  00001f7c    00000004     MQTTSubscribeClient.obj (.const:$P$T1$2)
                  00001f80    00000004     MQTTConnectClient.obj (.const:$P$T2$3)
                  00001f84    00000004     MQTTConnectClient.obj (.const:$P$T3$4)
                  00001f88    00000004     MQTTConnectClient.obj (.const:$P$T4$5)

.cinit     0    00001f90    00000038     
                  00001f90    00000014     (.cinit..data.load) [load image, compression = lzss]
                  00001fa4    0000000c     (__TI_handler_table)
                  00001fb0    00000008     (.cinit..bss.load) [load image, compression = zero_init]
                  00001fb8    00000010     (__TI_cinit_table)

.init_array 
*          0    00000000    00000000     UNINITIALIZED

.bss       0    20000000    000002dd     UNINITIALIZED
                  20000000    000000c8     (.common:received_sub)
                  200000c8    00000098     (.common:dummy)
                  20000160    00000098     (.common:dummy1)
                  200001f8    00000064     (.common:test1)
                  2000025c    00000064     (.common:test2)
                  200002c0    0000000c     (.common:str)
                  200002cc    0000000c     (.common:temp)
                  200002d8    00000004     MQTTPacket.obj (.bss)
                  200002dc    00000001     (.common:len)

.stack     0    200002e0    00000200     UNINITIALIZED
                  200002e0    00000200     --HOLE--

.data      0    200004e0    0000001c     UNINITIALIZED
                  200004e0    0000000c     rtsv7M4_T_le_v4SPD16_eabi.lib : exit.obj (.data:$O1$$)
                  200004ec    00000008                                   : _lock.obj (.data:$O1$$)
                  200004f4    00000004     main.obj (.data)
                  200004f8    00000004     rtsv7M4_T_le_v4SPD16_eabi.lib : stkdepth_vars.obj (.data)

MODULE SUMMARY

       Module                         code   ro data   rw data
       ------                         ----   -------   -------
    .\
       UART.obj                       1672   0         304    
       MQTTPacket.obj                 1432   8         4      
       MQTT.obj                       936    218       124    
       MQTTConnectClient.obj          940    20        0      
       tm4c123gh6pm_startup_ccs.obj   12     620       0      
       MQTTSerializePublish.obj       552    8         0      
       MQTTSubscribeClient.obj        536    8         0      
       main.obj                       176    0         305    
    +--+------------------------------+------+---------+---------+
       Total:                         6256   882       737    
                                                              
    C:/ti/TivaWare_C_Series-2.1.3.156/driverlib/ccs/Debug/driverlib.lib
       interrupt.obj                  32     0         0      
       cpu.obj                        24     0         0      
    +--+------------------------------+------+---------+---------+
       Total:                         56     0         0      
                                                              
    E:\gam3a\CC\ccsv7\tools\compiler\ti-cgt-arm_16.9.6.LTS\lib\rtsv7M4_T_le_v4SPD16_eabi.lib
       memcpy_t2.obj                  156    0         0      
       memset_t2.obj                  122    0         0      
       autoinit.obj                   112    0         0      
       copy_decompress_lzss.obj       104    0         0      
       exit.obj                       84     0         12     
       boot.obj                       84     0         0      
       cpy_tbl.obj                    76     0         0      
       strncmp.obj                    44     0         0      
       _lock.obj                      20     0         8      
       args_main.obj                  24     0         0      
       strlen.obj                     20     0         0      
       copy_decompress_none.obj       14     0         0      
       copy_zero_init.obj             12     0         0      
       pre_init.obj                   4      0         0      
       stkdepth_vars.obj              0      0         4      
       mpu_init.obj                   2      0         0      
       startup.obj                    2      0         0      
    +--+------------------------------+------+---------+---------+
       Total:                         880    0         24     
                                                              
       Stack:                         0      0         512    
       Linker Generated:              0      56        0      
    +--+------------------------------+------+---------+---------+
       Grand Total:                   7192   938       1273   


LINKER GENERATED COPY TABLES

__TI_cinit_table @ 00001fb8 records: 2, size/record: 8, table size: 16
	.data: load addr=00001f90, load size=00000014 bytes, run addr=200004e0, run size=0000001c bytes, compression=lzss
	.bss: load addr=00001fb0, load size=00000008 bytes, run addr=20000000, run size=000002dd bytes, compression=zero_init


LINKER GENERATED HANDLER TABLE

__TI_handler_table @ 00001fa4 records: 3, size/record: 4, table size: 12
	index: 0, handler: __TI_decompress_lzss
	index: 1, handler: __TI_decompress_none
	index: 2, handler: __TI_zero_init


GLOBAL SYMBOLS: SORTED ALPHABETICALLY BY Name 

address   name                           
-------   ----                           
200004f6  Buffer_count                   
00001d15  C$$EXIT                        
00001e4f  CPUcpsid                       
00001e5b  CPUcpsie                       
000007d7  Delayms                        
00001e21  IntMasterDisable               
00001e31  IntMasterEnable                
000010ff  MQTTDeserialize_connack        
0000196f  MQTTDeserialize_suback         
0000094b  MQTTPacket_decode              
00000a31  MQTTPacket_decodeBuf           
000008f5  MQTTPacket_encode              
00000c0d  MQTTPacket_equals              
000009b3  MQTTPacket_len                 
00000c75  MQTTPacket_read                
00000d7b  MQTTPacket_readnb              
000016f5  MQTTSerialize_ack              
00000f45  MQTTSerialize_connect          
00000e8d  MQTTSerialize_connectLength    
000011ef  MQTTSerialize_disconnect       
00001205  MQTTSerialize_pingreq          
0000178d  MQTTSerialize_puback           
000017db  MQTTSerialize_pubcomp          
0000161f  MQTTSerialize_publish          
000015e1  MQTTSerialize_publishLength    
000017b1  MQTTSerialize_pubrel           
0000186d  MQTTSerialize_subscribe        
00001809  MQTTSerialize_subscribeLength  
00001187  MQTTSerialize_zero             
00000be1  MQTTstrlen                     
00001239  MyPublish                      
00001371  MySub_Init                     
00001e73  ResetISR                       
UNDEFED   SHT$$INIT_ARRAY$$Base          
UNDEFED   SHT$$INIT_ARRAY$$Limit         
00001a21  SystemInit                     
00001a4b  UART3_Handler                  
000003cb  UART3_InChar                   
00000545  UART3_OutChar                  
00001a23  UART4_Handler                  
000003df  UART4_InChar                   
00000561  UART4_OutChar                  
000003f3  UART5_InChar                   
0000057d  UART5_OutChar                  
200004e0  __STACK_END                    
00000200  __STACK_SIZE                   
200004e0  __STACK_TOP                    
00001fb8  __TI_CINIT_Base                
00001fc8  __TI_CINIT_Limit               
00001fa4  __TI_Handler_Table_Base        
00001fb0  __TI_Handler_Table_Limit       
00001be9  __TI_auto_init                 
200004e0  __TI_cleanup_ptr               
00001c59  __TI_decompress_lzss           
00001e41  __TI_decompress_none           
200004e4  __TI_dtors_ptr                 
200004e8  __TI_enable_exit_profile_output
ffffffff  __TI_pprof_out_hndl            
ffffffff  __TI_prof_data_size            
ffffffff  __TI_prof_data_start           
00000000  __TI_static_base__             
00001e67  __TI_zero_init                 
00001b6d  __aeabi_memclr                 
00001b6d  __aeabi_memclr4                
00001b6d  __aeabi_memclr8                
00001ad1  __aeabi_memcpy                 
00001ad1  __aeabi_memcpy4                
00001ad1  __aeabi_memcpy8                
00001b6f  __aeabi_memset                 
00001b6f  __aeabi_memset4                
00001b6f  __aeabi_memset8                
ffffffff  __binit__                      
ffffffff  __c_args__                     
00001be7  __mpu_init                     
200002e0  __stack                        
00001de1  _args_main                     
00001cc1  _c_int00                       
200004ec  _lock                          
00001e07  _nop                           
00001dff  _register_lock                 
00001df9  _register_unlock               
00001e83  _system_post_cinit             
00001e7f  _system_pre_init               
200004f0  _unlock                        
00001d19  abort                          
ffffffff  binit                          
000009f9  bufchar                        
00001445  convert                        
00001d69  copy_in                        
200004f5  debug                          
200000c8  dummy                          
20000160  dummy1                         
00001d21  exit                           
00000000  g_pfnVectors                   
00000b1d  getLenStringLen                
200004f7  key                            
200002dc  len                            
00001a4d  main                           
200004f8  main_func_sp                   
00000807  mcu_pub_init                   
0000085b  mcu_sub_init                   
00001ad1  memcpy                         
00001b75  memset                         
00000407  read3_str                      
00000471  read4_str                      
000004db  read5_str                      
00000a6f  readChar                       
00000a47  readInt                        
00000b87  readMQTTLenString              
0000073b  read_str3_user                 
00000789  read_str4_user                 
20000000  received_sub                   
000005e1  send_str3                      
00000671  send_str3_mqtt                 
00000625  send_str4                      
00000709  send_str4_mqtt                 
00000599  send_str5                      
000006b5  send_str5_mqtt                 
200002c0  str                            
00001e0d  strlen                         
00001db5  strncmp                        
200002cc  temp                           
200001f8  test1                          
2000025c  test2                          
0000026d  uart3_init                     
00000349  uart4_init                     
000002db  uart5_init                     
00000aef  writeCString                   
00000a8f  writeChar                      
00000aaf  writeInt                       
00000b37  writeMQTTString                
200004f4  z                              


GLOBAL SYMBOLS: SORTED BY Symbol Address 

address   name                           
-------   ----                           
00000000  __TI_static_base__             
00000000  g_pfnVectors                   
00000200  __STACK_SIZE                   
0000026d  uart3_init                     
000002db  uart5_init                     
00000349  uart4_init                     
000003cb  UART3_InChar                   
000003df  UART4_InChar                   
000003f3  UART5_InChar                   
00000407  read3_str                      
00000471  read4_str                      
000004db  read5_str                      
00000545  UART3_OutChar                  
00000561  UART4_OutChar                  
0000057d  UART5_OutChar                  
00000599  send_str5                      
000005e1  send_str3                      
00000625  send_str4                      
00000671  send_str3_mqtt                 
000006b5  send_str5_mqtt                 
00000709  send_str4_mqtt                 
0000073b  read_str3_user                 
00000789  read_str4_user                 
000007d7  Delayms                        
00000807  mcu_pub_init                   
0000085b  mcu_sub_init                   
000008f5  MQTTPacket_encode              
0000094b  MQTTPacket_decode              
000009b3  MQTTPacket_len                 
000009f9  bufchar                        
00000a31  MQTTPacket_decodeBuf           
00000a47  readInt                        
00000a6f  readChar                       
00000a8f  writeChar                      
00000aaf  writeInt                       
00000aef  writeCString                   
00000b1d  getLenStringLen                
00000b37  writeMQTTString                
00000b87  readMQTTLenString              
00000be1  MQTTstrlen                     
00000c0d  MQTTPacket_equals              
00000c75  MQTTPacket_read                
00000d7b  MQTTPacket_readnb              
00000e8d  MQTTSerialize_connectLength    
00000f45  MQTTSerialize_connect          
000010ff  MQTTDeserialize_connack        
00001187  MQTTSerialize_zero             
000011ef  MQTTSerialize_disconnect       
00001205  MQTTSerialize_pingreq          
00001239  MyPublish                      
00001371  MySub_Init                     
00001445  convert                        
000015e1  MQTTSerialize_publishLength    
0000161f  MQTTSerialize_publish          
000016f5  MQTTSerialize_ack              
0000178d  MQTTSerialize_puback           
000017b1  MQTTSerialize_pubrel           
000017db  MQTTSerialize_pubcomp          
00001809  MQTTSerialize_subscribeLength  
0000186d  MQTTSerialize_subscribe        
0000196f  MQTTDeserialize_suback         
00001a21  SystemInit                     
00001a23  UART4_Handler                  
00001a4b  UART3_Handler                  
00001a4d  main                           
00001ad1  __aeabi_memcpy                 
00001ad1  __aeabi_memcpy4                
00001ad1  __aeabi_memcpy8                
00001ad1  memcpy                         
00001b6d  __aeabi_memclr                 
00001b6d  __aeabi_memclr4                
00001b6d  __aeabi_memclr8                
00001b6f  __aeabi_memset                 
00001b6f  __aeabi_memset4                
00001b6f  __aeabi_memset8                
00001b75  memset                         
00001be7  __mpu_init                     
00001be9  __TI_auto_init                 
00001c59  __TI_decompress_lzss           
00001cc1  _c_int00                       
00001d15  C$$EXIT                        
00001d19  abort                          
00001d21  exit                           
00001d69  copy_in                        
00001db5  strncmp                        
00001de1  _args_main                     
00001df9  _register_unlock               
00001dff  _register_lock                 
00001e07  _nop                           
00001e0d  strlen                         
00001e21  IntMasterDisable               
00001e31  IntMasterEnable                
00001e41  __TI_decompress_none           
00001e4f  CPUcpsid                       
00001e5b  CPUcpsie                       
00001e67  __TI_zero_init                 
00001e73  ResetISR                       
00001e7f  _system_pre_init               
00001e83  _system_post_cinit             
00001fa4  __TI_Handler_Table_Base        
00001fb0  __TI_Handler_Table_Limit       
00001fb8  __TI_CINIT_Base                
00001fc8  __TI_CINIT_Limit               
20000000  received_sub                   
200000c8  dummy                          
20000160  dummy1                         
200001f8  test1                          
2000025c  test2                          
200002c0  str                            
200002cc  temp                           
200002dc  len                            
200002e0  __stack                        
200004e0  __STACK_END                    
200004e0  __STACK_TOP                    
200004e0  __TI_cleanup_ptr               
200004e4  __TI_dtors_ptr                 
200004e8  __TI_enable_exit_profile_output
200004ec  _lock                          
200004f0  _unlock                        
200004f4  z                              
200004f5  debug                          
200004f6  Buffer_count                   
200004f7  key                            
200004f8  main_func_sp                   
ffffffff  __TI_pprof_out_hndl            
ffffffff  __TI_prof_data_size            
ffffffff  __TI_prof_data_start           
ffffffff  __binit__                      
ffffffff  __c_args__                     
ffffffff  binit                          
UNDEFED   SHT$$INIT_ARRAY$$Base          
UNDEFED   SHT$$INIT_ARRAY$$Limit         

[132 symbols]
