******************************************************************************
                  TI ARM Linker PC v16.9.6                     
******************************************************************************
>> Linked Tue Jun 19 17:08:03 2018

OUTPUT FILE NAME:   <Gateway.out>
ENTRY POINT SYMBOL: "_c_int00"  address: 00001d55


MEMORY CONFIGURATION

         name            origin    length      used     unused   attr    fill
----------------------  --------  ---------  --------  --------  ----  --------
  FLASH                 00000000   00040000  00002058  0003dfa8  R  X
  SRAM                  20000000   00008000  00000509  00007af7  RW X


SEGMENT ALLOCATION MAP

run origin  load origin   length   init length attrs members
----------  ----------- ---------- ----------- ----- -------
00000000    00000000    00002058   00002058    r-x
  00000000    00000000    0000026c   0000026c    r-- .intvecs
  0000026c    0000026c    00001cac   00001cac    r-x .text
  00001f18    00001f18    00000108   00000108    r-- .const
  00002020    00002020    00000038   00000038    r-- .cinit
20000000    20000000    0000050c   00000000    rw-
  20000000    20000000    000002e9   00000000    rw- .bss
  200002ec    200002ec    00000200   00000000    rw- .stack
  200004ec    200004ec    00000020   00000000    rw- .data


SECTION ALLOCATION MAP

 output                                  attributes/
section   page    origin      length       input sections
--------  ----  ----------  ----------   ----------------
.intvecs   0    00000000    0000026c     
                  00000000    0000026c     tm4c123gh6pm_startup_ccs.obj (.intvecs)

.text      0    0000026c    00001cac     
                  0000026c    00000688     UART.obj (.text)
                  000008f4    00000598     MQTTPacket.obj (.text)
                  00000e8c    000003d8     MQTT.obj (.text)
                  00001264    000003ac     MQTTConnectClient.obj (.text)
                  00001610    00000228     MQTTSerializePublish.obj (.text)
                  00001838    00000218     MQTTSubscribeClient.obj (.text)
                  00001a50    00000114     main.obj (.text)
                  00001b64    0000009c     rtsv7M4_T_le_v4SPD16_eabi.lib : memcpy_t2.obj (.text)
                  00001c00    0000007a                                   : memset_t2.obj (.text)
                  00001c7a    00000002                                   : mpu_init.obj (.text)
                  00001c7c    00000070                                   : autoinit.obj (.text)
                  00001cec    00000068                                   : copy_decompress_lzss.obj (.text:decompress:lzss)
                  00001d54    00000054                                   : boot.obj (.text)
                  00001da8    00000054                                   : exit.obj (.text)
                  00001dfc    0000004c                                   : cpy_tbl.obj (.text)
                  00001e48    0000002c                                   : strncmp.obj (.text)
                  00001e74    00000018                                   : args_main.obj (.text)
                  00001e8c    00000014                                   : _lock.obj (.text)
                  00001ea0    00000014                                   : strlen.obj (.text)
                  00001eb4    00000010     driverlib.lib : interrupt.obj (.text:IntMasterDisable)
                  00001ec4    00000010                   : interrupt.obj (.text:IntMasterEnable)
                  00001ed4    0000000e     rtsv7M4_T_le_v4SPD16_eabi.lib : copy_decompress_none.obj (.text:decompress:none)
                  00001ee2    0000000c     driverlib.lib : cpu.obj (.text:CPUcpsid)
                  00001eee    0000000c                   : cpu.obj (.text:CPUcpsie)
                  00001efa    0000000c     rtsv7M4_T_le_v4SPD16_eabi.lib : copy_zero_init.obj (.text:decompress:ZI)
                  00001f06    0000000c     tm4c123gh6pm_startup_ccs.obj (.text)
                  00001f12    00000004     rtsv7M4_T_le_v4SPD16_eabi.lib : pre_init.obj (.text)
                  00001f16    00000002                                   : startup.obj (.text)

.const     0    00001f18    00000108     
                  00001f18    00000058     MQTT.obj (.const:$P$T0$1)
                  00001f70    00000058     MQTT.obj (.const:$P$T3$4)
                  00001fc8    00000012     MQTT.obj (.const:.string:$P$T1$2)
                  00001fda    00000002     --HOLE-- [fill = 0]
                  00001fdc    0000000c     MQTT.obj (.const:$P$T2$3)
                  00001fe8    0000000c     MQTT.obj (.const:$P$T4$5)
                  00001ff4    00000004     MQTTConnectClient.obj (.const:$P$T0$1)
                  00001ff8    00000004     MQTTPacket.obj (.const:$P$T0$1)
                  00001ffc    00000004     MQTTSerializePublish.obj (.const:$P$T0$1)
                  00002000    00000004     MQTTSubscribeClient.obj (.const:$P$T0$1)
                  00002004    00000004     MQTTConnectClient.obj (.const:$P$T1$2)
                  00002008    00000004     MQTTPacket.obj (.const:$P$T1$2)
                  0000200c    00000004     MQTTSerializePublish.obj (.const:$P$T1$2)
                  00002010    00000004     MQTTSubscribeClient.obj (.const:$P$T1$2)
                  00002014    00000004     MQTTConnectClient.obj (.const:$P$T2$3)
                  00002018    00000004     MQTTConnectClient.obj (.const:$P$T3$4)
                  0000201c    00000004     MQTTConnectClient.obj (.const:$P$T4$5)

.cinit     0    00002020    00000038     
                  00002020    00000014     (.cinit..data.load) [load image, compression = lzss]
                  00002034    0000000c     (__TI_handler_table)
                  00002040    00000008     (.cinit..bss.load) [load image, compression = zero_init]
                  00002048    00000010     (__TI_cinit_table)

.init_array 
*          0    00000000    00000000     UNINITIALIZED

.bss       0    20000000    000002e9     UNINITIALIZED
                  20000000    000000c8     (.common:received_sub)
                  200000c8    00000098     (.common:dummy)
                  20000160    00000098     (.common:dummy1)
                  200001f8    00000064     (.common:test1)
                  2000025c    00000064     (.common:test2)
                  200002c0    0000000c     (.common:Buffer)
                  200002cc    0000000c     (.common:str)
                  200002d8    0000000c     (.common:temp)
                  200002e4    00000004     MQTTPacket.obj (.bss)
                  200002e8    00000001     (.common:len)

.stack     0    200002ec    00000200     UNINITIALIZED
                  200002ec    00000200     --HOLE--

.data      0    200004ec    00000020     UNINITIALIZED
                  200004ec    0000000c     rtsv7M4_T_le_v4SPD16_eabi.lib : exit.obj (.data:$O1$$)
                  200004f8    00000008                                   : _lock.obj (.data:$O1$$)
                  20000500    00000006     main.obj (.data)
                  20000506    00000002     --HOLE--
                  20000508    00000004     rtsv7M4_T_le_v4SPD16_eabi.lib : stkdepth_vars.obj (.data)

MODULE SUMMARY

       Module                         code   ro data   rw data
       ------                         ----   -------   -------
    .\
       UART.obj                       1672   0         304    
       MQTTPacket.obj                 1432   8         4      
       MQTT.obj                       984    218       124    
       MQTTConnectClient.obj          940    20        0      
       tm4c123gh6pm_startup_ccs.obj   12     620       0      
       main.obj                       276    0         319    
       MQTTSerializePublish.obj       552    8         0      
       MQTTSubscribeClient.obj        536    8         0      
    +--+------------------------------+------+---------+---------+
       Total:                         6404   882       751    
                                                              
    C:/ti/TivaWare_C_Series-2.1.3.156/driverlib/ccs/Debug/driverlib.lib
       interrupt.obj                  32     0         0      
       cpu.obj                        24     0         0      
    +--+------------------------------+------+---------+---------+
       Total:                         56     0         0      
                                                              
    E:\gam3a\CC\ccsv7\tools\compiler\ti-cgt-arm_16.9.6.LTS\lib\rtsv7M4_T_le_v4SPD16_eabi.lib
       memcpy_t2.obj                  156    0         0      
       memset_t2.obj                  122    0         0      
       autoinit.obj                   112    0         0      
       copy_decompress_lzss.obj       104    0         0      
       exit.obj                       84     0         12     
       boot.obj                       84     0         0      
       cpy_tbl.obj                    76     0         0      
       strncmp.obj                    44     0         0      
       _lock.obj                      20     0         8      
       args_main.obj                  24     0         0      
       strlen.obj                     20     0         0      
       copy_decompress_none.obj       14     0         0      
       copy_zero_init.obj             12     0         0      
       pre_init.obj                   4      0         0      
       stkdepth_vars.obj              0      0         4      
       mpu_init.obj                   2      0         0      
       startup.obj                    2      0         0      
    +--+------------------------------+------+---------+---------+
       Total:                         880    0         24     
                                                              
       Stack:                         0      0         512    
       Linker Generated:              0      56        0      
    +--+------------------------------+------+---------+---------+
       Grand Total:                   7340   938       1287   


LINKER GENERATED COPY TABLES

__TI_cinit_table @ 00002048 records: 2, size/record: 8, table size: 16
	.data: load addr=00002020, load size=00000014 bytes, run addr=200004ec, run size=00000020 bytes, compression=lzss
	.bss: load addr=00002040, load size=00000008 bytes, run addr=20000000, run size=000002e9 bytes, compression=zero_init


LINKER GENERATED HANDLER TABLE

__TI_handler_table @ 00002034 records: 3, size/record: 4, table size: 12
	index: 0, handler: __TI_decompress_lzss
	index: 1, handler: __TI_decompress_none
	index: 2, handler: __TI_zero_init


GLOBAL SYMBOLS: SORTED ALPHABETICALLY BY Name 

address   name                           
-------   ----                           
200002c0  Buffer                         
20000502  Buffer_count                   
00001da9  C$$EXIT                        
00001ee3  CPUcpsid                       
00001eef  CPUcpsie                       
000007d7  Delayms                        
00001eb5  IntMasterDisable               
00001ec5  IntMasterEnable                
000014d7  MQTTDeserialize_connack        
0000199f  MQTTDeserialize_suback         
0000094b  MQTTPacket_decode              
00000a31  MQTTPacket_decodeBuf           
000008f5  MQTTPacket_encode              
00000c0d  MQTTPacket_equals              
000009b3  MQTTPacket_len                 
00000c75  MQTTPacket_read                
00000d7b  MQTTPacket_readnb              
00001725  MQTTSerialize_ack              
0000131d  MQTTSerialize_connect          
00001265  MQTTSerialize_connectLength    
000015c7  MQTTSerialize_disconnect       
000015dd  MQTTSerialize_pingreq          
000017bd  MQTTSerialize_puback           
0000180b  MQTTSerialize_pubcomp          
0000164f  MQTTSerialize_publish          
00001611  MQTTSerialize_publishLength    
000017e1  MQTTSerialize_pubrel           
0000189d  MQTTSerialize_subscribe        
00001839  MQTTSerialize_subscribeLength  
0000155f  MQTTSerialize_zero             
00000be1  MQTTstrlen                     
00000e8d  MyPublish                      
00000fe1  MySub_Init                     
00001f07  ResetISR                       
UNDEFED   SHT$$INIT_ARRAY$$Base          
UNDEFED   SHT$$INIT_ARRAY$$Limit         
00001a51  SystemInit                     
000003cb  UART3_InChar                   
00000545  UART3_OutChar                  
00001a53  UART4_Handler                  
000003df  UART4_InChar                   
00000561  UART4_OutChar                  
000003f3  UART5_InChar                   
0000057d  UART5_OutChar                  
200004ec  __STACK_END                    
00000200  __STACK_SIZE                   
200004ec  __STACK_TOP                    
00002048  __TI_CINIT_Base                
00002058  __TI_CINIT_Limit               
00002034  __TI_Handler_Table_Base        
00002040  __TI_Handler_Table_Limit       
00001c7d  __TI_auto_init                 
200004ec  __TI_cleanup_ptr               
00001ced  __TI_decompress_lzss           
00001ed5  __TI_decompress_none           
200004f0  __TI_dtors_ptr                 
200004f4  __TI_enable_exit_profile_output
ffffffff  __TI_pprof_out_hndl            
ffffffff  __TI_prof_data_size            
ffffffff  __TI_prof_data_start           
00000000  __TI_static_base__             
00001efb  __TI_zero_init                 
00001c01  __aeabi_memclr                 
00001c01  __aeabi_memclr4                
00001c01  __aeabi_memclr8                
00001b65  __aeabi_memcpy                 
00001b65  __aeabi_memcpy4                
00001b65  __aeabi_memcpy8                
00001c03  __aeabi_memset                 
00001c03  __aeabi_memset4                
00001c03  __aeabi_memset8                
ffffffff  __binit__                      
ffffffff  __c_args__                     
00001c7b  __mpu_init                     
200002ec  __stack                        
00001e75  _args_main                     
00001d55  _c_int00                       
200004f8  _lock                          
00001e9b  _nop                           
00001e93  _register_lock                 
00001e8d  _register_unlock               
00001f17  _system_post_cinit             
00001f13  _system_pre_init               
200004fc  _unlock                        
00001dad  abort                          
20000505  atran                          
ffffffff  binit                          
000009f9  bufchar                        
000010b5  convert                        
00001dfd  copy_in                        
20000501  debug                          
200000c8  dummy                          
20000160  dummy1                         
00001db5  exit                           
00000000  g_pfnVectors                   
00000b1d  getLenStringLen                
20000503  key                            
200002e8  len                            
00001a8d  main                           
20000508  main_func_sp                   
00000807  mcu_pub_init                   
0000085b  mcu_sub_init                   
00001b65  memcpy                         
00001c09  memset                         
00000407  read3_str                      
00000471  read4_str                      
000004db  read5_str                      
00000a6f  readChar                       
00000a47  readInt                        
00000b87  readMQTTLenString              
0000073b  read_str3_user                 
00000789  read_str4_user                 
20000000  received_sub                   
000005e1  send_str3                      
00000671  send_str3_mqtt                 
00000625  send_str4                      
00000709  send_str4_mqtt                 
00000599  send_str5                      
000006b5  send_str5_mqtt                 
200002cc  str                            
00001ea1  strlen                         
00001e49  strncmp                        
200002d8  temp                           
200001f8  test1                          
2000025c  test2                          
0000026d  uart3_init                     
00000349  uart4_init                     
000002db  uart5_init                     
00000aef  writeCString                   
00000a8f  writeChar                      
00000aaf  writeInt                       
00000b37  writeMQTTString                
20000500  z                              
20000504  zeft                           


GLOBAL SYMBOLS: SORTED BY Symbol Address 

address   name                           
-------   ----                           
00000000  __TI_static_base__             
00000000  g_pfnVectors                   
00000200  __STACK_SIZE                   
0000026d  uart3_init                     
000002db  uart5_init                     
00000349  uart4_init                     
000003cb  UART3_InChar                   
000003df  UART4_InChar                   
000003f3  UART5_InChar                   
00000407  read3_str                      
00000471  read4_str                      
000004db  read5_str                      
00000545  UART3_OutChar                  
00000561  UART4_OutChar                  
0000057d  UART5_OutChar                  
00000599  send_str5                      
000005e1  send_str3                      
00000625  send_str4                      
00000671  send_str3_mqtt                 
000006b5  send_str5_mqtt                 
00000709  send_str4_mqtt                 
0000073b  read_str3_user                 
00000789  read_str4_user                 
000007d7  Delayms                        
00000807  mcu_pub_init                   
0000085b  mcu_sub_init                   
000008f5  MQTTPacket_encode              
0000094b  MQTTPacket_decode              
000009b3  MQTTPacket_len                 
000009f9  bufchar                        
00000a31  MQTTPacket_decodeBuf           
00000a47  readInt                        
00000a6f  readChar                       
00000a8f  writeChar                      
00000aaf  writeInt                       
00000aef  writeCString                   
00000b1d  getLenStringLen                
00000b37  writeMQTTString                
00000b87  readMQTTLenString              
00000be1  MQTTstrlen                     
00000c0d  MQTTPacket_equals              
00000c75  MQTTPacket_read                
00000d7b  MQTTPacket_readnb              
00000e8d  MyPublish                      
00000fe1  MySub_Init                     
000010b5  convert                        
00001265  MQTTSerialize_connectLength    
0000131d  MQTTSerialize_connect          
000014d7  MQTTDeserialize_connack        
0000155f  MQTTSerialize_zero             
000015c7  MQTTSerialize_disconnect       
000015dd  MQTTSerialize_pingreq          
00001611  MQTTSerialize_publishLength    
0000164f  MQTTSerialize_publish          
00001725  MQTTSerialize_ack              
000017bd  MQTTSerialize_puback           
000017e1  MQTTSerialize_pubrel           
0000180b  MQTTSerialize_pubcomp          
00001839  MQTTSerialize_subscribeLength  
0000189d  MQTTSerialize_subscribe        
0000199f  MQTTDeserialize_suback         
00001a51  SystemInit                     
00001a53  UART4_Handler                  
00001a8d  main                           
00001b65  __aeabi_memcpy                 
00001b65  __aeabi_memcpy4                
00001b65  __aeabi_memcpy8                
00001b65  memcpy                         
00001c01  __aeabi_memclr                 
00001c01  __aeabi_memclr4                
00001c01  __aeabi_memclr8                
00001c03  __aeabi_memset                 
00001c03  __aeabi_memset4                
00001c03  __aeabi_memset8                
00001c09  memset                         
00001c7b  __mpu_init                     
00001c7d  __TI_auto_init                 
00001ced  __TI_decompress_lzss           
00001d55  _c_int00                       
00001da9  C$$EXIT                        
00001dad  abort                          
00001db5  exit                           
00001dfd  copy_in                        
00001e49  strncmp                        
00001e75  _args_main                     
00001e8d  _register_unlock               
00001e93  _register_lock                 
00001e9b  _nop                           
00001ea1  strlen                         
00001eb5  IntMasterDisable               
00001ec5  IntMasterEnable                
00001ed5  __TI_decompress_none           
00001ee3  CPUcpsid                       
00001eef  CPUcpsie                       
00001efb  __TI_zero_init                 
00001f07  ResetISR                       
00001f13  _system_pre_init               
00001f17  _system_post_cinit             
00002034  __TI_Handler_Table_Base        
00002040  __TI_Handler_Table_Limit       
00002048  __TI_CINIT_Base                
00002058  __TI_CINIT_Limit               
20000000  received_sub                   
200000c8  dummy                          
20000160  dummy1                         
200001f8  test1                          
2000025c  test2                          
200002c0  Buffer                         
200002cc  str                            
200002d8  temp                           
200002e8  len                            
200002ec  __stack                        
200004ec  __STACK_END                    
200004ec  __STACK_TOP                    
200004ec  __TI_cleanup_ptr               
200004f0  __TI_dtors_ptr                 
200004f4  __TI_enable_exit_profile_output
200004f8  _lock                          
200004fc  _unlock                        
20000500  z                              
20000501  debug                          
20000502  Buffer_count                   
20000503  key                            
20000504  zeft                           
20000505  atran                          
20000508  main_func_sp                   
ffffffff  __TI_pprof_out_hndl            
ffffffff  __TI_prof_data_size            
ffffffff  __TI_prof_data_start           
ffffffff  __binit__                      
ffffffff  __c_args__                     
ffffffff  binit                          
UNDEFED   SHT$$INIT_ARRAY$$Base          
UNDEFED   SHT$$INIT_ARRAY$$Limit         

[134 symbols]
