******************************************************************************
                  TI ARM Linker PC v16.9.6                     
******************************************************************************
>> Linked Fri Jun 08 15:43:24 2018

OUTPUT FILE NAME:   <Test.out>
ENTRY POINT SYMBOL: "_c_int00"  address: 00001a29


MEMORY CONFIGURATION

         name            origin    length      used     unused   attr    fill
----------------------  --------  ---------  --------  --------  ----  --------
  FLASH                 00000000   00040000  00001d18  0003e2e8  R  X
  SRAM                  20000000   00008000  0000044c  00007bb4  RW X


SEGMENT ALLOCATION MAP

run origin  load origin   length   init length attrs members
----------  ----------- ---------- ----------- ----- -------
00000000    00000000    00001d18   00001d18    r-x
  00000000    00000000    0000026c   0000026c    r-- .intvecs
  0000026c    0000026c    00001980   00001980    r-x .text
  00001bec    00001bec    000000f4   000000f4    r-- .const
  00001ce0    00001ce0    00000038   00000038    r-- .cinit
20000000    20000000    0000044c   00000000    rw-
  20000000    20000000    00000230   00000000    rw- .bss
  20000230    20000230    00000200   00000000    rw- .stack
  20000430    20000430    0000001c   00000000    rw- .data


SECTION ALLOCATION MAP

 output                                  attributes/
section   page    origin      length       input sections
--------  ----  ----------  ----------   ----------------
.intvecs   0    00000000    0000026c     
                  00000000    0000026c     tm4c123gh6pm_startup_ccs.obj (.intvecs)

.text      0    0000026c    00001980     
                  0000026c    00000598     MQTTPacket.obj (.text)
                  00000804    0000052c     UART.obj (.text)
                  00000d30    000003ac     MQTTConnectClient.obj (.text)
                  000010dc    00000290     MQTT.obj (.text)
                  0000136c    00000228     MQTTSerializePublish.obj (.text)
                  00001594    00000218     MQTTSubscribeClient.obj (.text)
                  000017ac    0000009c     rtsv7M4_T_le_v4SPD16_eabi.lib : memcpy_t2.obj (.text)
                  00001848    0000008c     main.obj (.text)
                  000018d4    0000007a     rtsv7M4_T_le_v4SPD16_eabi.lib : memset_t2.obj (.text)
                  0000194e    00000002                                   : mpu_init.obj (.text)
                  00001950    00000070                                   : autoinit.obj (.text)
                  000019c0    00000068                                   : copy_decompress_lzss.obj (.text:decompress:lzss)
                  00001a28    00000054                                   : boot.obj (.text)
                  00001a7c    00000054                                   : exit.obj (.text)
                  00001ad0    0000004c                                   : cpy_tbl.obj (.text)
                  00001b1c    0000002c                                   : strncmp.obj (.text)
                  00001b48    00000018                                   : args_main.obj (.text)
                  00001b60    00000014                                   : _lock.obj (.text)
                  00001b74    00000014                                   : strlen.obj (.text)
                  00001b88    00000010     driverlib.lib : interrupt.obj (.text:IntMasterDisable)
                  00001b98    00000010                   : interrupt.obj (.text:IntMasterEnable)
                  00001ba8    0000000e     rtsv7M4_T_le_v4SPD16_eabi.lib : copy_decompress_none.obj (.text:decompress:none)
                  00001bb6    0000000c     driverlib.lib : cpu.obj (.text:CPUcpsid)
                  00001bc2    0000000c                   : cpu.obj (.text:CPUcpsie)
                  00001bce    0000000c     rtsv7M4_T_le_v4SPD16_eabi.lib : copy_zero_init.obj (.text:decompress:ZI)
                  00001bda    0000000c     tm4c123gh6pm_startup_ccs.obj (.text)
                  00001be6    00000004     rtsv7M4_T_le_v4SPD16_eabi.lib : pre_init.obj (.text)
                  00001bea    00000002                                   : startup.obj (.text)

.const     0    00001bec    000000f4     
                  00001bec    00000058     MQTT.obj (.const:$P$T0$1)
                  00001c44    00000058     MQTT.obj (.const:$P$T2$3)
                  00001c9c    0000000c     MQTT.obj (.const:$P$T1$2)
                  00001ca8    0000000c     MQTT.obj (.const:$P$T3$4)
                  00001cb4    00000004     MQTTConnectClient.obj (.const:$P$T0$1)
                  00001cb8    00000004     MQTTPacket.obj (.const:$P$T0$1)
                  00001cbc    00000004     MQTTSerializePublish.obj (.const:$P$T0$1)
                  00001cc0    00000004     MQTTSubscribeClient.obj (.const:$P$T0$1)
                  00001cc4    00000004     MQTTConnectClient.obj (.const:$P$T1$2)
                  00001cc8    00000004     MQTTPacket.obj (.const:$P$T1$2)
                  00001ccc    00000004     MQTTSerializePublish.obj (.const:$P$T1$2)
                  00001cd0    00000004     MQTTSubscribeClient.obj (.const:$P$T1$2)
                  00001cd4    00000004     MQTTConnectClient.obj (.const:$P$T2$3)
                  00001cd8    00000004     MQTTConnectClient.obj (.const:$P$T3$4)
                  00001cdc    00000004     MQTTConnectClient.obj (.const:$P$T4$5)

.cinit     0    00001ce0    00000038     
                  00001ce0    00000011     (.cinit..data.load) [load image, compression = lzss]
                  00001cf1    00000003     --HOLE-- [fill = 0]
                  00001cf4    0000000c     (__TI_handler_table)
                  00001d00    00000008     (.cinit..bss.load) [load image, compression = zero_init]
                  00001d08    00000010     (__TI_cinit_table)

.init_array 
*          0    00000000    00000000     UNINITIALIZED

.bss       0    20000000    00000230     UNINITIALIZED
                  20000000    000000c8     (.common:fml)
                  200000c8    00000098     (.common:dummy)
                  20000160    00000064     (.common:test1)
                  200001c4    00000064     (.common:test2)
                  20000228    00000004     MQTTPacket.obj (.bss)
                  2000022c    00000004     (.common:reading)

.stack     0    20000230    00000200     UNINITIALIZED
                  20000230    00000200     --HOLE--

.data      0    20000430    0000001c     UNINITIALIZED
                  20000430    0000000c     rtsv7M4_T_le_v4SPD16_eabi.lib : exit.obj (.data:$O1$$)
                  2000043c    00000008                                   : _lock.obj (.data:$O1$$)
                  20000444    00000004     main.obj (.data)
                  20000448    00000004     rtsv7M4_T_le_v4SPD16_eabi.lib : stkdepth_vars.obj (.data)

MODULE SUMMARY

       Module                         code   ro data   rw data
       ------                         ----   -------   -------
    .\
       UART.obj                       1324   0         152    
       MQTTPacket.obj                 1432   8         4      
       MQTTConnectClient.obj          940    20        0      
       MQTT.obj                       656    200       100    
       tm4c123gh6pm_startup_ccs.obj   12     620       0      
       MQTTSerializePublish.obj       552    8         0      
       MQTTSubscribeClient.obj        536    8         0      
       main.obj                       140    0         308    
    +--+------------------------------+------+---------+---------+
       Total:                         5592   864       564    
                                                              
    C:/ti/TivaWare_C_Series-2.1.3.156/driverlib/ccs/Debug/driverlib.lib
       interrupt.obj                  32     0         0      
       cpu.obj                        24     0         0      
    +--+------------------------------+------+---------+---------+
       Total:                         56     0         0      
                                                              
    E:\gam3a\CC\ccsv7\tools\compiler\ti-cgt-arm_16.9.6.LTS\lib\rtsv7M4_T_le_v4SPD16_eabi.lib
       memcpy_t2.obj                  156    0         0      
       memset_t2.obj                  122    0         0      
       autoinit.obj                   112    0         0      
       copy_decompress_lzss.obj       104    0         0      
       exit.obj                       84     0         12     
       boot.obj                       84     0         0      
       cpy_tbl.obj                    76     0         0      
       strncmp.obj                    44     0         0      
       _lock.obj                      20     0         8      
       args_main.obj                  24     0         0      
       strlen.obj                     20     0         0      
       copy_decompress_none.obj       14     0         0      
       copy_zero_init.obj             12     0         0      
       pre_init.obj                   4      0         0      
       stkdepth_vars.obj              0      0         4      
       mpu_init.obj                   2      0         0      
       startup.obj                    2      0         0      
    +--+------------------------------+------+---------+---------+
       Total:                         880    0         24     
                                                              
       Stack:                         0      0         512    
       Linker Generated:              0      53        0      
    +--+------------------------------+------+---------+---------+
       Grand Total:                   6528   917       1100   


LINKER GENERATED COPY TABLES

__TI_cinit_table @ 00001d08 records: 2, size/record: 8, table size: 16
	.data: load addr=00001ce0, load size=00000011 bytes, run addr=20000430, run size=0000001c bytes, compression=lzss
	.bss: load addr=00001d00, load size=00000008 bytes, run addr=20000000, run size=00000230 bytes, compression=zero_init


LINKER GENERATED HANDLER TABLE

__TI_handler_table @ 00001cf4 records: 3, size/record: 4, table size: 12
	index: 0, handler: __TI_decompress_lzss
	index: 1, handler: __TI_decompress_none
	index: 2, handler: __TI_zero_init


GLOBAL SYMBOLS: SORTED ALPHABETICALLY BY Name 

address   name                           
-------   ----                           
00001a7d  C$$EXIT                        
00001bb7  CPUcpsid                       
00001bc3  CPUcpsie                       
00000be1  Delayms                        
00001b89  IntMasterDisable               
00001b99  IntMasterEnable                
00000fa3  MQTTDeserialize_connack        
000016fb  MQTTDeserialize_suback         
000002c3  MQTTPacket_decode              
000003a9  MQTTPacket_decodeBuf           
0000026d  MQTTPacket_encode              
00000585  MQTTPacket_equals              
0000032b  MQTTPacket_len                 
000005ed  MQTTPacket_read                
000006f3  MQTTPacket_readnb              
00001481  MQTTSerialize_ack              
00000de9  MQTTSerialize_connect          
00000d31  MQTTSerialize_connectLength    
00001093  MQTTSerialize_disconnect       
000010a9  MQTTSerialize_pingreq          
00001519  MQTTSerialize_puback           
00001567  MQTTSerialize_pubcomp          
000013ab  MQTTSerialize_publish          
0000136d  MQTTSerialize_publishLength    
0000153d  MQTTSerialize_pubrel           
000015f9  MQTTSerialize_subscribe        
00001595  MQTTSerialize_subscribeLength  
0000102b  MQTTSerialize_zero             
00000559  MQTTstrlen                     
000010dd  MyPublish                      
000011dd  MySub_Init                     
00001bdb  ResetISR                       
UNDEFED   SHT$$INIT_ARRAY$$Base          
UNDEFED   SHT$$INIT_ARRAY$$Limit         
00001849  SystemInit                     
00001867  UART3_Handler                  
00000909  UART3_InChar                   
00000a05  UART3_OutChar                  
0000184b  UART4_Handler                  
0000091d  UART4_InChar                   
00000a21  UART4_OutChar                  
20000430  __STACK_END                    
00000200  __STACK_SIZE                   
20000430  __STACK_TOP                    
00001d08  __TI_CINIT_Base                
00001d18  __TI_CINIT_Limit               
00001cf4  __TI_Handler_Table_Base        
00001d00  __TI_Handler_Table_Limit       
00001951  __TI_auto_init                 
20000430  __TI_cleanup_ptr               
000019c1  __TI_decompress_lzss           
00001ba9  __TI_decompress_none           
20000434  __TI_dtors_ptr                 
20000438  __TI_enable_exit_profile_output
ffffffff  __TI_pprof_out_hndl            
ffffffff  __TI_prof_data_size            
ffffffff  __TI_prof_data_start           
00000000  __TI_static_base__             
00001bcf  __TI_zero_init                 
000018d5  __aeabi_memclr                 
000018d5  __aeabi_memclr4                
000018d5  __aeabi_memclr8                
000017ad  __aeabi_memcpy                 
000017ad  __aeabi_memcpy4                
000017ad  __aeabi_memcpy8                
000018d7  __aeabi_memset                 
000018d7  __aeabi_memset4                
000018d7  __aeabi_memset8                
ffffffff  __binit__                      
ffffffff  __c_args__                     
0000194f  __mpu_init                     
20000230  __stack                        
00001b49  _args_main                     
00001a29  _c_int00                       
2000043c  _lock                          
00001b6f  _nop                           
00001b67  _register_lock                 
00001b61  _register_unlock               
00001beb  _system_post_cinit             
00001be7  _system_pre_init               
20000440  _unlock                        
00001a81  abort                          
ffffffff  binit                          
00000371  bufchar                        
00001ad1  copy_in                        
20000446  count                          
200000c8  dummy                          
00001a89  exit                           
20000000  fml                            
00000000  g_pfnVectors                   
00000495  getLenStringLen                
20000444  i                              
20000445  j                              
00001895  main                           
20000448  main_func_sp                   
00000c25  mcu_pub_init                   
00000c79  mcu_sub_init                   
000017ad  memcpy                         
000018dd  memset                         
00000931  read3_str                      
0000099b  read4_str                      
000003e7  readChar                       
000003bf  readInt                        
000004ff  readMQTTLenString              
00000b01  read_str3_user                 
00000b81  read_str4_user                 
2000022c  reading                        
00000a3d  send_str3                      
00000a9d  send_str3_mqtt                 
00000a6d  send_str4                      
00000acf  send_str4_mqtt                 
00001b75  strlen                         
00001b1d  strncmp                        
20000160  test1                          
200001c4  test2                          
00000805  uart3_init                     
00000887  uart4_init                     
00000467  writeCString                   
00000407  writeChar                      
00000427  writeInt                       
000004af  writeMQTTString                
20000447  z                              


GLOBAL SYMBOLS: SORTED BY Symbol Address 

address   name                           
-------   ----                           
00000000  __TI_static_base__             
00000000  g_pfnVectors                   
00000200  __STACK_SIZE                   
0000026d  MQTTPacket_encode              
000002c3  MQTTPacket_decode              
0000032b  MQTTPacket_len                 
00000371  bufchar                        
000003a9  MQTTPacket_decodeBuf           
000003bf  readInt                        
000003e7  readChar                       
00000407  writeChar                      
00000427  writeInt                       
00000467  writeCString                   
00000495  getLenStringLen                
000004af  writeMQTTString                
000004ff  readMQTTLenString              
00000559  MQTTstrlen                     
00000585  MQTTPacket_equals              
000005ed  MQTTPacket_read                
000006f3  MQTTPacket_readnb              
00000805  uart3_init                     
00000887  uart4_init                     
00000909  UART3_InChar                   
0000091d  UART4_InChar                   
00000931  read3_str                      
0000099b  read4_str                      
00000a05  UART3_OutChar                  
00000a21  UART4_OutChar                  
00000a3d  send_str3                      
00000a6d  send_str4                      
00000a9d  send_str3_mqtt                 
00000acf  send_str4_mqtt                 
00000b01  read_str3_user                 
00000b81  read_str4_user                 
00000be1  Delayms                        
00000c25  mcu_pub_init                   
00000c79  mcu_sub_init                   
00000d31  MQTTSerialize_connectLength    
00000de9  MQTTSerialize_connect          
00000fa3  MQTTDeserialize_connack        
0000102b  MQTTSerialize_zero             
00001093  MQTTSerialize_disconnect       
000010a9  MQTTSerialize_pingreq          
000010dd  MyPublish                      
000011dd  MySub_Init                     
0000136d  MQTTSerialize_publishLength    
000013ab  MQTTSerialize_publish          
00001481  MQTTSerialize_ack              
00001519  MQTTSerialize_puback           
0000153d  MQTTSerialize_pubrel           
00001567  MQTTSerialize_pubcomp          
00001595  MQTTSerialize_subscribeLength  
000015f9  MQTTSerialize_subscribe        
000016fb  MQTTDeserialize_suback         
000017ad  __aeabi_memcpy                 
000017ad  __aeabi_memcpy4                
000017ad  __aeabi_memcpy8                
000017ad  memcpy                         
00001849  SystemInit                     
0000184b  UART4_Handler                  
00001867  UART3_Handler                  
00001895  main                           
000018d5  __aeabi_memclr                 
000018d5  __aeabi_memclr4                
000018d5  __aeabi_memclr8                
000018d7  __aeabi_memset                 
000018d7  __aeabi_memset4                
000018d7  __aeabi_memset8                
000018dd  memset                         
0000194f  __mpu_init                     
00001951  __TI_auto_init                 
000019c1  __TI_decompress_lzss           
00001a29  _c_int00                       
00001a7d  C$$EXIT                        
00001a81  abort                          
00001a89  exit                           
00001ad1  copy_in                        
00001b1d  strncmp                        
00001b49  _args_main                     
00001b61  _register_unlock               
00001b67  _register_lock                 
00001b6f  _nop                           
00001b75  strlen                         
00001b89  IntMasterDisable               
00001b99  IntMasterEnable                
00001ba9  __TI_decompress_none           
00001bb7  CPUcpsid                       
00001bc3  CPUcpsie                       
00001bcf  __TI_zero_init                 
00001bdb  ResetISR                       
00001be7  _system_pre_init               
00001beb  _system_post_cinit             
00001cf4  __TI_Handler_Table_Base        
00001d00  __TI_Handler_Table_Limit       
00001d08  __TI_CINIT_Base                
00001d18  __TI_CINIT_Limit               
20000000  fml                            
200000c8  dummy                          
20000160  test1                          
200001c4  test2                          
2000022c  reading                        
20000230  __stack                        
20000430  __STACK_END                    
20000430  __STACK_TOP                    
20000430  __TI_cleanup_ptr               
20000434  __TI_dtors_ptr                 
20000438  __TI_enable_exit_profile_output
2000043c  _lock                          
20000440  _unlock                        
20000444  i                              
20000445  j                              
20000446  count                          
20000447  z                              
20000448  main_func_sp                   
ffffffff  __TI_pprof_out_hndl            
ffffffff  __TI_prof_data_size            
ffffffff  __TI_prof_data_start           
ffffffff  __binit__                      
ffffffff  __c_args__                     
ffffffff  binit                          
UNDEFED   SHT$$INIT_ARRAY$$Base          
UNDEFED   SHT$$INIT_ARRAY$$Limit         

[122 symbols]
