******************************************************************************
                  TI ARM Linker PC v16.9.6                     
******************************************************************************
>> Linked Tue Jun 12 17:06:31 2018

OUTPUT FILE NAME:   <Test.out>
ENTRY POINT SYMBOL: "_c_int00"  address: 00001af1


MEMORY CONFIGURATION

         name            origin    length      used     unused   attr    fill
----------------------  --------  ---------  --------  --------  ----  --------
  FLASH                 00000000   00040000  00001de8  0003e218  R  X
  SRAM                  20000000   00008000  000004f1  00007b0f  RW X


SEGMENT ALLOCATION MAP

run origin  load origin   length   init length attrs members
----------  ----------- ---------- ----------- ----- -------
00000000    00000000    00001de8   00001de8    r-x
  00000000    00000000    0000026c   0000026c    r-- .intvecs
  0000026c    0000026c    00001a48   00001a48    r-x .text
  00001cb4    00001cb4    000000f4   000000f4    r-- .const
  00001da8    00001da8    00000040   00000040    r-- .cinit
20000000    20000000    000004f4   00000000    rw-
  20000000    20000000    000002d1   00000000    rw- .bss
  200002d4    200002d4    00000200   00000000    rw- .stack
  200004d4    200004d4    00000020   00000000    rw- .data


SECTION ALLOCATION MAP

 output                                  attributes/
section   page    origin      length       input sections
--------  ----  ----------  ----------   ----------------
.intvecs   0    00000000    0000026c     
                  00000000    0000026c     tm4c123gh6pm_startup_ccs.obj (.intvecs)

.text      0    0000026c    00001a48     
                  0000026c    00000598     MQTTPacket.obj (.text)
                  00000804    00000510     UART.obj (.text)
                  00000d14    000003ac     MQTTConnectClient.obj (.text)
                  000010c0    000002a0     MQTT.obj (.text)
                  00001360    00000228     MQTTSerializePublish.obj (.text)
                  00001588    00000218     MQTTSubscribeClient.obj (.text)
                  000017a0    00000160     main.obj (.text)
                  00001900    0000009c     rtsv7M4_T_le_v4SPD16_eabi.lib : memcpy_t2.obj (.text)
                  0000199c    0000007a                                   : memset_t2.obj (.text)
                  00001a16    00000002                                   : mpu_init.obj (.text)
                  00001a18    00000070                                   : autoinit.obj (.text)
                  00001a88    00000068                                   : copy_decompress_lzss.obj (.text:decompress:lzss)
                  00001af0    00000054                                   : boot.obj (.text)
                  00001b44    00000054                                   : exit.obj (.text)
                  00001b98    0000004c                                   : cpy_tbl.obj (.text)
                  00001be4    0000002c                                   : strncmp.obj (.text)
                  00001c10    00000018                                   : args_main.obj (.text)
                  00001c28    00000014                                   : _lock.obj (.text)
                  00001c3c    00000014                                   : strlen.obj (.text)
                  00001c50    00000010     driverlib.lib : interrupt.obj (.text:IntMasterDisable)
                  00001c60    00000010                   : interrupt.obj (.text:IntMasterEnable)
                  00001c70    0000000e     rtsv7M4_T_le_v4SPD16_eabi.lib : copy_decompress_none.obj (.text:decompress:none)
                  00001c7e    0000000c     driverlib.lib : cpu.obj (.text:CPUcpsid)
                  00001c8a    0000000c                   : cpu.obj (.text:CPUcpsie)
                  00001c96    0000000c     rtsv7M4_T_le_v4SPD16_eabi.lib : copy_zero_init.obj (.text:decompress:ZI)
                  00001ca2    0000000c     tm4c123gh6pm_startup_ccs.obj (.text)
                  00001cae    00000004     rtsv7M4_T_le_v4SPD16_eabi.lib : pre_init.obj (.text)
                  00001cb2    00000002                                   : startup.obj (.text)

.const     0    00001cb4    000000f4     
                  00001cb4    00000058     MQTT.obj (.const:$P$T0$1)
                  00001d0c    00000058     MQTT.obj (.const:$P$T2$3)
                  00001d64    0000000c     MQTT.obj (.const:$P$T1$2)
                  00001d70    0000000c     MQTT.obj (.const:$P$T3$4)
                  00001d7c    00000004     MQTTConnectClient.obj (.const:$P$T0$1)
                  00001d80    00000004     MQTTPacket.obj (.const:$P$T0$1)
                  00001d84    00000004     MQTTSerializePublish.obj (.const:$P$T0$1)
                  00001d88    00000004     MQTTSubscribeClient.obj (.const:$P$T0$1)
                  00001d8c    00000004     MQTTConnectClient.obj (.const:$P$T1$2)
                  00001d90    00000004     MQTTPacket.obj (.const:$P$T1$2)
                  00001d94    00000004     MQTTSerializePublish.obj (.const:$P$T1$2)
                  00001d98    00000004     MQTTSubscribeClient.obj (.const:$P$T1$2)
                  00001d9c    00000004     MQTTConnectClient.obj (.const:$P$T2$3)
                  00001da0    00000004     MQTTConnectClient.obj (.const:$P$T3$4)
                  00001da4    00000004     MQTTConnectClient.obj (.const:$P$T4$5)

.cinit     0    00001da8    00000040     
                  00001da8    00000018     (.cinit..data.load) [load image, compression = lzss]
                  00001dc0    0000000c     (__TI_handler_table)
                  00001dcc    00000004     --HOLE-- [fill = 0]
                  00001dd0    00000008     (.cinit..bss.load) [load image, compression = zero_init]
                  00001dd8    00000010     (__TI_cinit_table)

.init_array 
*          0    00000000    00000000     UNINITIALIZED

.bss       0    20000000    000002d1     UNINITIALIZED
                  20000000    000000c8     (.common:received_sub)
                  200000c8    00000098     (.common:dummy)
                  20000160    00000098     (.common:dummy1)
                  200001f8    00000064     (.common:test1)
                  2000025c    00000064     (.common:test2)
                  200002c0    00000008     (.common:reading)
                  200002c8    00000004     MQTTPacket.obj (.bss)
                  200002cc    00000004     (.common:connection)
                  200002d0    00000001     (.common:len)

.stack     0    200002d4    00000200     UNINITIALIZED
                  200002d4    00000200     --HOLE--

.data      0    200004d4    00000020     UNINITIALIZED
                  200004d4    0000000c     rtsv7M4_T_le_v4SPD16_eabi.lib : exit.obj (.data:$O1$$)
                  200004e0    00000008                                   : _lock.obj (.data:$O1$$)
                  200004e8    00000007     main.obj (.data)
                  200004ef    00000001     --HOLE--
                  200004f0    00000004     rtsv7M4_T_le_v4SPD16_eabi.lib : stkdepth_vars.obj (.data)

MODULE SUMMARY

       Module                         code   ro data   rw data
       ------                         ----   -------   -------
    .\
       UART.obj                       1296   0         304    
       MQTTPacket.obj                 1432   8         4      
       MQTT.obj                       672    200       100    
       MQTTConnectClient.obj          940    20        0      
       main.obj                       352    0         320    
       tm4c123gh6pm_startup_ccs.obj   12     620       0      
       MQTTSerializePublish.obj       552    8         0      
       MQTTSubscribeClient.obj        536    8         0      
    +--+------------------------------+------+---------+---------+
       Total:                         5792   864       728    
                                                              
    C:/ti/TivaWare_C_Series-2.1.3.156/driverlib/ccs/Debug/driverlib.lib
       interrupt.obj                  32     0         0      
       cpu.obj                        24     0         0      
    +--+------------------------------+------+---------+---------+
       Total:                         56     0         0      
                                                              
    E:\gam3a\CC\ccsv7\tools\compiler\ti-cgt-arm_16.9.6.LTS\lib\rtsv7M4_T_le_v4SPD16_eabi.lib
       memcpy_t2.obj                  156    0         0      
       memset_t2.obj                  122    0         0      
       autoinit.obj                   112    0         0      
       copy_decompress_lzss.obj       104    0         0      
       exit.obj                       84     0         12     
       boot.obj                       84     0         0      
       cpy_tbl.obj                    76     0         0      
       strncmp.obj                    44     0         0      
       _lock.obj                      20     0         8      
       args_main.obj                  24     0         0      
       strlen.obj                     20     0         0      
       copy_decompress_none.obj       14     0         0      
       copy_zero_init.obj             12     0         0      
       pre_init.obj                   4      0         0      
       stkdepth_vars.obj              0      0         4      
       mpu_init.obj                   2      0         0      
       startup.obj                    2      0         0      
    +--+------------------------------+------+---------+---------+
       Total:                         880    0         24     
                                                              
       Stack:                         0      0         512    
       Linker Generated:              0      60        0      
    +--+------------------------------+------+---------+---------+
       Grand Total:                   6728   924       1264   


LINKER GENERATED COPY TABLES

__TI_cinit_table @ 00001dd8 records: 2, size/record: 8, table size: 16
	.data: load addr=00001da8, load size=00000018 bytes, run addr=200004d4, run size=00000020 bytes, compression=lzss
	.bss: load addr=00001dd0, load size=00000008 bytes, run addr=20000000, run size=000002d1 bytes, compression=zero_init


LINKER GENERATED HANDLER TABLE

__TI_handler_table @ 00001dc0 records: 3, size/record: 4, table size: 12
	index: 0, handler: __TI_decompress_lzss
	index: 1, handler: __TI_decompress_none
	index: 2, handler: __TI_zero_init


GLOBAL SYMBOLS: SORTED ALPHABETICALLY BY Name 

address   name                           
-------   ----                           
00001b45  C$$EXIT                        
00001c7f  CPUcpsid                       
00001c8b  CPUcpsie                       
00000be5  Delayms                        
00001c51  IntMasterDisable               
00001c61  IntMasterEnable                
00000f87  MQTTDeserialize_connack        
000016ef  MQTTDeserialize_suback         
000002c3  MQTTPacket_decode              
000003a9  MQTTPacket_decodeBuf           
0000026d  MQTTPacket_encode              
00000585  MQTTPacket_equals              
0000032b  MQTTPacket_len                 
000005ed  MQTTPacket_read                
000006f3  MQTTPacket_readnb              
00001475  MQTTSerialize_ack              
00000dcd  MQTTSerialize_connect          
00000d15  MQTTSerialize_connectLength    
00001077  MQTTSerialize_disconnect       
0000108d  MQTTSerialize_pingreq          
0000150d  MQTTSerialize_puback           
0000155b  MQTTSerialize_pubcomp          
0000139f  MQTTSerialize_publish          
00001361  MQTTSerialize_publishLength    
00001531  MQTTSerialize_pubrel           
000015ed  MQTTSerialize_subscribe        
00001589  MQTTSerialize_subscribeLength  
0000100f  MQTTSerialize_zero             
00000559  MQTTstrlen                     
000010c1  MyPublish                      
000011c1  MySub_Init                     
00001ca3  ResetISR                       
UNDEFED   SHT$$INIT_ARRAY$$Base          
UNDEFED   SHT$$INIT_ARRAY$$Limit         
000017a1  SystemInit                     
0000180b  UART3_Handler                  
00000909  UART3_InChar                   
00000a05  UART3_OutChar                  
000017a3  UART4_Handler                  
0000091d  UART4_InChar                   
00000a21  UART4_OutChar                  
200004d4  __STACK_END                    
00000200  __STACK_SIZE                   
200004d4  __STACK_TOP                    
00001dd8  __TI_CINIT_Base                
00001de8  __TI_CINIT_Limit               
00001dc0  __TI_Handler_Table_Base        
00001dcc  __TI_Handler_Table_Limit       
00001a19  __TI_auto_init                 
200004d4  __TI_cleanup_ptr               
00001a89  __TI_decompress_lzss           
00001c71  __TI_decompress_none           
200004d8  __TI_dtors_ptr                 
200004dc  __TI_enable_exit_profile_output
ffffffff  __TI_pprof_out_hndl            
ffffffff  __TI_prof_data_size            
ffffffff  __TI_prof_data_start           
00000000  __TI_static_base__             
00001c97  __TI_zero_init                 
0000199d  __aeabi_memclr                 
0000199d  __aeabi_memclr4                
0000199d  __aeabi_memclr8                
00001901  __aeabi_memcpy                 
00001901  __aeabi_memcpy4                
00001901  __aeabi_memcpy8                
0000199f  __aeabi_memset                 
0000199f  __aeabi_memset4                
0000199f  __aeabi_memset8                
ffffffff  __binit__                      
ffffffff  __c_args__                     
00001a17  __mpu_init                     
200002d4  __stack                        
00001c11  _args_main                     
00001af1  _c_int00                       
200004e0  _lock                          
00001c37  _nop                           
00001c2f  _register_lock                 
00001c29  _register_unlock               
00001cb3  _system_post_cinit             
00001caf  _system_pre_init               
200004e4  _unlock                        
00001b49  abort                          
ffffffff  binit                          
00000371  bufchar                        
200002cc  connection                     
200004ec  connection_counter             
00001b99  copy_in                        
200004ea  count                          
200004ee  debug                          
200000c8  dummy                          
20000160  dummy1                         
00001b51  exit                           
00000000  g_pfnVectors                   
00000495  getLenStringLen                
200004e8  i                              
200004e9  j                              
200002d0  len                            
00001887  main                           
200004f0  main_func_sp                   
00000c29  mcu_pub_init                   
00000c7d  mcu_sub_init                   
00001901  memcpy                         
000019a5  memset                         
00000931  read3_str                      
0000099b  read4_str                      
000003e7  readChar                       
000003bf  readInt                        
000004ff  readMQTTLenString              
00000b01  read_str3_user                 
00000b81  read_str4_user                 
200002c0  reading                        
20000000  received_sub                   
00000a3d  send_str3                      
00000a9d  send_str3_mqtt                 
00000a6d  send_str4                      
00000acf  send_str4_mqtt                 
00001c3d  strlen                         
00001be5  strncmp                        
200001f8  test1                          
2000025c  test2                          
00000805  uart3_init                     
00000887  uart4_init                     
00000467  writeCString                   
00000407  writeChar                      
00000427  writeInt                       
000004af  writeMQTTString                
200004eb  z                              


GLOBAL SYMBOLS: SORTED BY Symbol Address 

address   name                           
-------   ----                           
00000000  __TI_static_base__             
00000000  g_pfnVectors                   
00000200  __STACK_SIZE                   
0000026d  MQTTPacket_encode              
000002c3  MQTTPacket_decode              
0000032b  MQTTPacket_len                 
00000371  bufchar                        
000003a9  MQTTPacket_decodeBuf           
000003bf  readInt                        
000003e7  readChar                       
00000407  writeChar                      
00000427  writeInt                       
00000467  writeCString                   
00000495  getLenStringLen                
000004af  writeMQTTString                
000004ff  readMQTTLenString              
00000559  MQTTstrlen                     
00000585  MQTTPacket_equals              
000005ed  MQTTPacket_read                
000006f3  MQTTPacket_readnb              
00000805  uart3_init                     
00000887  uart4_init                     
00000909  UART3_InChar                   
0000091d  UART4_InChar                   
00000931  read3_str                      
0000099b  read4_str                      
00000a05  UART3_OutChar                  
00000a21  UART4_OutChar                  
00000a3d  send_str3                      
00000a6d  send_str4                      
00000a9d  send_str3_mqtt                 
00000acf  send_str4_mqtt                 
00000b01  read_str3_user                 
00000b81  read_str4_user                 
00000be5  Delayms                        
00000c29  mcu_pub_init                   
00000c7d  mcu_sub_init                   
00000d15  MQTTSerialize_connectLength    
00000dcd  MQTTSerialize_connect          
00000f87  MQTTDeserialize_connack        
0000100f  MQTTSerialize_zero             
00001077  MQTTSerialize_disconnect       
0000108d  MQTTSerialize_pingreq          
000010c1  MyPublish                      
000011c1  MySub_Init                     
00001361  MQTTSerialize_publishLength    
0000139f  MQTTSerialize_publish          
00001475  MQTTSerialize_ack              
0000150d  MQTTSerialize_puback           
00001531  MQTTSerialize_pubrel           
0000155b  MQTTSerialize_pubcomp          
00001589  MQTTSerialize_subscribeLength  
000015ed  MQTTSerialize_subscribe        
000016ef  MQTTDeserialize_suback         
000017a1  SystemInit                     
000017a3  UART4_Handler                  
0000180b  UART3_Handler                  
00001887  main                           
00001901  __aeabi_memcpy                 
00001901  __aeabi_memcpy4                
00001901  __aeabi_memcpy8                
00001901  memcpy                         
0000199d  __aeabi_memclr                 
0000199d  __aeabi_memclr4                
0000199d  __aeabi_memclr8                
0000199f  __aeabi_memset                 
0000199f  __aeabi_memset4                
0000199f  __aeabi_memset8                
000019a5  memset                         
00001a17  __mpu_init                     
00001a19  __TI_auto_init                 
00001a89  __TI_decompress_lzss           
00001af1  _c_int00                       
00001b45  C$$EXIT                        
00001b49  abort                          
00001b51  exit                           
00001b99  copy_in                        
00001be5  strncmp                        
00001c11  _args_main                     
00001c29  _register_unlock               
00001c2f  _register_lock                 
00001c37  _nop                           
00001c3d  strlen                         
00001c51  IntMasterDisable               
00001c61  IntMasterEnable                
00001c71  __TI_decompress_none           
00001c7f  CPUcpsid                       
00001c8b  CPUcpsie                       
00001c97  __TI_zero_init                 
00001ca3  ResetISR                       
00001caf  _system_pre_init               
00001cb3  _system_post_cinit             
00001dc0  __TI_Handler_Table_Base        
00001dcc  __TI_Handler_Table_Limit       
00001dd8  __TI_CINIT_Base                
00001de8  __TI_CINIT_Limit               
20000000  received_sub                   
200000c8  dummy                          
20000160  dummy1                         
200001f8  test1                          
2000025c  test2                          
200002c0  reading                        
200002cc  connection                     
200002d0  len                            
200002d4  __stack                        
200004d4  __STACK_END                    
200004d4  __STACK_TOP                    
200004d4  __TI_cleanup_ptr               
200004d8  __TI_dtors_ptr                 
200004dc  __TI_enable_exit_profile_output
200004e0  _lock                          
200004e4  _unlock                        
200004e8  i                              
200004e9  j                              
200004ea  count                          
200004eb  z                              
200004ec  connection_counter             
200004ee  debug                          
200004f0  main_func_sp                   
ffffffff  __TI_pprof_out_hndl            
ffffffff  __TI_prof_data_size            
ffffffff  __TI_prof_data_start           
ffffffff  __binit__                      
ffffffff  __c_args__                     
ffffffff  binit                          
UNDEFED   SHT$$INIT_ARRAY$$Base          
UNDEFED   SHT$$INIT_ARRAY$$Limit         

[127 symbols]
