******************************************************************************
                  TI ARM Linker PC v16.9.6                     
******************************************************************************
>> Linked Sat Jun 09 16:09:01 2018

OUTPUT FILE NAME:   <Test.out>
ENTRY POINT SYMBOL: "_c_int00"  address: 00001af9


MEMORY CONFIGURATION

         name            origin    length      used     unused   attr    fill
----------------------  --------  ---------  --------  --------  ----  --------
  FLASH                 00000000   00040000  00001df0  0003e210  R  X
  SRAM                  20000000   00008000  00000459  00007ba7  RW X


SEGMENT ALLOCATION MAP

run origin  load origin   length   init length attrs members
----------  ----------- ---------- ----------- ----- -------
00000000    00000000    00001df0   00001df0    r-x
  00000000    00000000    0000026c   0000026c    r-- .intvecs
  0000026c    0000026c    00001a50   00001a50    r-x .text
  00001cbc    00001cbc    000000f4   000000f4    r-- .const
  00001db0    00001db0    00000040   00000040    r-- .cinit
20000000    20000000    0000045c   00000000    rw-
  20000000    20000000    00000239   00000000    rw- .bss
  2000023c    2000023c    00000200   00000000    rw- .stack
  2000043c    2000043c    00000020   00000000    rw- .data


SECTION ALLOCATION MAP

 output                                  attributes/
section   page    origin      length       input sections
--------  ----  ----------  ----------   ----------------
.intvecs   0    00000000    0000026c     
                  00000000    0000026c     tm4c123gh6pm_startup_ccs.obj (.intvecs)

.text      0    0000026c    00001a50     
                  0000026c    00000598     MQTTPacket.obj (.text)
                  00000804    00000530     UART.obj (.text)
                  00000d34    000003ac     MQTTConnectClient.obj (.text)
                  000010e0    00000290     MQTT.obj (.text)
                  00001370    00000228     MQTTSerializePublish.obj (.text)
                  00001598    00000218     MQTTSubscribeClient.obj (.text)
                  000017b0    00000158     main.obj (.text)
                  00001908    0000009c     rtsv7M4_T_le_v4SPD16_eabi.lib : memcpy_t2.obj (.text)
                  000019a4    0000007a                                   : memset_t2.obj (.text)
                  00001a1e    00000002                                   : mpu_init.obj (.text)
                  00001a20    00000070                                   : autoinit.obj (.text)
                  00001a90    00000068                                   : copy_decompress_lzss.obj (.text:decompress:lzss)
                  00001af8    00000054                                   : boot.obj (.text)
                  00001b4c    00000054                                   : exit.obj (.text)
                  00001ba0    0000004c                                   : cpy_tbl.obj (.text)
                  00001bec    0000002c                                   : strncmp.obj (.text)
                  00001c18    00000018                                   : args_main.obj (.text)
                  00001c30    00000014                                   : _lock.obj (.text)
                  00001c44    00000014                                   : strlen.obj (.text)
                  00001c58    00000010     driverlib.lib : interrupt.obj (.text:IntMasterDisable)
                  00001c68    00000010                   : interrupt.obj (.text:IntMasterEnable)
                  00001c78    0000000e     rtsv7M4_T_le_v4SPD16_eabi.lib : copy_decompress_none.obj (.text:decompress:none)
                  00001c86    0000000c     driverlib.lib : cpu.obj (.text:CPUcpsid)
                  00001c92    0000000c                   : cpu.obj (.text:CPUcpsie)
                  00001c9e    0000000c     rtsv7M4_T_le_v4SPD16_eabi.lib : copy_zero_init.obj (.text:decompress:ZI)
                  00001caa    0000000c     tm4c123gh6pm_startup_ccs.obj (.text)
                  00001cb6    00000004     rtsv7M4_T_le_v4SPD16_eabi.lib : pre_init.obj (.text)
                  00001cba    00000002                                   : startup.obj (.text)

.const     0    00001cbc    000000f4     
                  00001cbc    00000058     MQTT.obj (.const:$P$T0$1)
                  00001d14    00000058     MQTT.obj (.const:$P$T2$3)
                  00001d6c    0000000c     MQTT.obj (.const:$P$T1$2)
                  00001d78    0000000c     MQTT.obj (.const:$P$T3$4)
                  00001d84    00000004     MQTTConnectClient.obj (.const:$P$T0$1)
                  00001d88    00000004     MQTTPacket.obj (.const:$P$T0$1)
                  00001d8c    00000004     MQTTSerializePublish.obj (.const:$P$T0$1)
                  00001d90    00000004     MQTTSubscribeClient.obj (.const:$P$T0$1)
                  00001d94    00000004     MQTTConnectClient.obj (.const:$P$T1$2)
                  00001d98    00000004     MQTTPacket.obj (.const:$P$T1$2)
                  00001d9c    00000004     MQTTSerializePublish.obj (.const:$P$T1$2)
                  00001da0    00000004     MQTTSubscribeClient.obj (.const:$P$T1$2)
                  00001da4    00000004     MQTTConnectClient.obj (.const:$P$T2$3)
                  00001da8    00000004     MQTTConnectClient.obj (.const:$P$T3$4)
                  00001dac    00000004     MQTTConnectClient.obj (.const:$P$T4$5)

.cinit     0    00001db0    00000040     
                  00001db0    00000016     (.cinit..data.load) [load image, compression = lzss]
                  00001dc6    00000002     --HOLE-- [fill = 0]
                  00001dc8    0000000c     (__TI_handler_table)
                  00001dd4    00000004     --HOLE-- [fill = 0]
                  00001dd8    00000008     (.cinit..bss.load) [load image, compression = zero_init]
                  00001de0    00000010     (__TI_cinit_table)

.init_array 
*          0    00000000    00000000     UNINITIALIZED

.bss       0    20000000    00000239     UNINITIALIZED
                  20000000    000000c8     (.common:received_sub)
                  200000c8    00000098     (.common:dummy)
                  20000160    00000064     (.common:test1)
                  200001c4    00000064     (.common:test2)
                  20000228    00000008     (.common:reading)
                  20000230    00000004     MQTTPacket.obj (.bss)
                  20000234    00000004     (.common:connection)
                  20000238    00000001     (.common:len)

.stack     0    2000023c    00000200     UNINITIALIZED
                  2000023c    00000200     --HOLE--

.data      0    2000043c    00000020     UNINITIALIZED
                  2000043c    0000000c     rtsv7M4_T_le_v4SPD16_eabi.lib : exit.obj (.data:$O1$$)
                  20000448    00000008                                   : _lock.obj (.data:$O1$$)
                  20000450    00000006     main.obj (.data)
                  20000456    00000002     --HOLE--
                  20000458    00000004     rtsv7M4_T_le_v4SPD16_eabi.lib : stkdepth_vars.obj (.data)

MODULE SUMMARY

       Module                         code   ro data   rw data
       ------                         ----   -------   -------
    .\
       UART.obj                       1328   0         152    
       MQTTPacket.obj                 1432   8         4      
       MQTTConnectClient.obj          940    20        0      
       MQTT.obj                       656    200       100    
       main.obj                       344    0         319    
       tm4c123gh6pm_startup_ccs.obj   12     620       0      
       MQTTSerializePublish.obj       552    8         0      
       MQTTSubscribeClient.obj        536    8         0      
    +--+------------------------------+------+---------+---------+
       Total:                         5800   864       575    
                                                              
    C:/ti/TivaWare_C_Series-2.1.3.156/driverlib/ccs/Debug/driverlib.lib
       interrupt.obj                  32     0         0      
       cpu.obj                        24     0         0      
    +--+------------------------------+------+---------+---------+
       Total:                         56     0         0      
                                                              
    E:\gam3a\CC\ccsv7\tools\compiler\ti-cgt-arm_16.9.6.LTS\lib\rtsv7M4_T_le_v4SPD16_eabi.lib
       memcpy_t2.obj                  156    0         0      
       memset_t2.obj                  122    0         0      
       autoinit.obj                   112    0         0      
       copy_decompress_lzss.obj       104    0         0      
       exit.obj                       84     0         12     
       boot.obj                       84     0         0      
       cpy_tbl.obj                    76     0         0      
       strncmp.obj                    44     0         0      
       _lock.obj                      20     0         8      
       args_main.obj                  24     0         0      
       strlen.obj                     20     0         0      
       copy_decompress_none.obj       14     0         0      
       copy_zero_init.obj             12     0         0      
       pre_init.obj                   4      0         0      
       stkdepth_vars.obj              0      0         4      
       mpu_init.obj                   2      0         0      
       startup.obj                    2      0         0      
    +--+------------------------------+------+---------+---------+
       Total:                         880    0         24     
                                                              
       Stack:                         0      0         512    
       Linker Generated:              0      58        0      
    +--+------------------------------+------+---------+---------+
       Grand Total:                   6736   922       1111   


LINKER GENERATED COPY TABLES

__TI_cinit_table @ 00001de0 records: 2, size/record: 8, table size: 16
	.data: load addr=00001db0, load size=00000016 bytes, run addr=2000043c, run size=00000020 bytes, compression=lzss
	.bss: load addr=00001dd8, load size=00000008 bytes, run addr=20000000, run size=00000239 bytes, compression=zero_init


LINKER GENERATED HANDLER TABLE

__TI_handler_table @ 00001dc8 records: 3, size/record: 4, table size: 12
	index: 0, handler: __TI_decompress_lzss
	index: 1, handler: __TI_decompress_none
	index: 2, handler: __TI_zero_init


GLOBAL SYMBOLS: SORTED ALPHABETICALLY BY Name 

address   name                           
-------   ----                           
00001b4d  C$$EXIT                        
00001c87  CPUcpsid                       
00001c93  CPUcpsie                       
00000be5  Delayms                        
00001c59  IntMasterDisable               
00001c69  IntMasterEnable                
00000fa7  MQTTDeserialize_connack        
000016ff  MQTTDeserialize_suback         
000002c3  MQTTPacket_decode              
000003a9  MQTTPacket_decodeBuf           
0000026d  MQTTPacket_encode              
00000585  MQTTPacket_equals              
0000032b  MQTTPacket_len                 
000005ed  MQTTPacket_read                
000006f3  MQTTPacket_readnb              
00001485  MQTTSerialize_ack              
00000ded  MQTTSerialize_connect          
00000d35  MQTTSerialize_connectLength    
00001097  MQTTSerialize_disconnect       
000010ad  MQTTSerialize_pingreq          
0000151d  MQTTSerialize_puback           
0000156b  MQTTSerialize_pubcomp          
000013af  MQTTSerialize_publish          
00001371  MQTTSerialize_publishLength    
00001541  MQTTSerialize_pubrel           
000015fd  MQTTSerialize_subscribe        
00001599  MQTTSerialize_subscribeLength  
0000102f  MQTTSerialize_zero             
00000559  MQTTstrlen                     
000010e1  MyPublish                      
000011e1  MySub_Init                     
00001cab  ResetISR                       
UNDEFED   SHT$$INIT_ARRAY$$Base          
UNDEFED   SHT$$INIT_ARRAY$$Limit         
000017b1  SystemInit                     
0000182b  UART3_Handler                  
00000909  UART3_InChar                   
00000a05  UART3_OutChar                  
000017b3  UART4_Handler                  
0000091d  UART4_InChar                   
00000a21  UART4_OutChar                  
2000043c  __STACK_END                    
00000200  __STACK_SIZE                   
2000043c  __STACK_TOP                    
00001de0  __TI_CINIT_Base                
00001df0  __TI_CINIT_Limit               
00001dc8  __TI_Handler_Table_Base        
00001dd4  __TI_Handler_Table_Limit       
00001a21  __TI_auto_init                 
2000043c  __TI_cleanup_ptr               
00001a91  __TI_decompress_lzss           
00001c79  __TI_decompress_none           
20000440  __TI_dtors_ptr                 
20000444  __TI_enable_exit_profile_output
ffffffff  __TI_pprof_out_hndl            
ffffffff  __TI_prof_data_size            
ffffffff  __TI_prof_data_start           
00000000  __TI_static_base__             
00001c9f  __TI_zero_init                 
000019a5  __aeabi_memclr                 
000019a5  __aeabi_memclr4                
000019a5  __aeabi_memclr8                
00001909  __aeabi_memcpy                 
00001909  __aeabi_memcpy4                
00001909  __aeabi_memcpy8                
000019a7  __aeabi_memset                 
000019a7  __aeabi_memset4                
000019a7  __aeabi_memset8                
ffffffff  __binit__                      
ffffffff  __c_args__                     
00001a1f  __mpu_init                     
2000023c  __stack                        
00001c19  _args_main                     
00001af9  _c_int00                       
20000448  _lock                          
00001c3f  _nop                           
00001c37  _register_lock                 
00001c31  _register_unlock               
00001cbb  _system_post_cinit             
00001cb7  _system_pre_init               
2000044c  _unlock                        
00001b51  abort                          
ffffffff  binit                          
00000371  bufchar                        
20000234  connection                     
20000454  connection_counter             
00001ba1  copy_in                        
20000452  count                          
200000c8  dummy                          
00001b59  exit                           
00000000  g_pfnVectors                   
00000495  getLenStringLen                
20000450  i                              
20000451  j                              
20000238  len                            
000018a3  main                           
20000458  main_func_sp                   
00000c29  mcu_pub_init                   
00000c7d  mcu_sub_init                   
00001909  memcpy                         
000019ad  memset                         
00000931  read3_str                      
0000099b  read4_str                      
000003e7  readChar                       
000003bf  readInt                        
000004ff  readMQTTLenString              
00000b01  read_str3_user                 
00000b81  read_str4_user                 
20000228  reading                        
20000000  received_sub                   
00000a3d  send_str3                      
00000a9d  send_str3_mqtt                 
00000a6d  send_str4                      
00000acf  send_str4_mqtt                 
00001c45  strlen                         
00001bed  strncmp                        
20000160  test1                          
200001c4  test2                          
00000805  uart3_init                     
00000887  uart4_init                     
00000467  writeCString                   
00000407  writeChar                      
00000427  writeInt                       
000004af  writeMQTTString                
20000453  z                              


GLOBAL SYMBOLS: SORTED BY Symbol Address 

address   name                           
-------   ----                           
00000000  __TI_static_base__             
00000000  g_pfnVectors                   
00000200  __STACK_SIZE                   
0000026d  MQTTPacket_encode              
000002c3  MQTTPacket_decode              
0000032b  MQTTPacket_len                 
00000371  bufchar                        
000003a9  MQTTPacket_decodeBuf           
000003bf  readInt                        
000003e7  readChar                       
00000407  writeChar                      
00000427  writeInt                       
00000467  writeCString                   
00000495  getLenStringLen                
000004af  writeMQTTString                
000004ff  readMQTTLenString              
00000559  MQTTstrlen                     
00000585  MQTTPacket_equals              
000005ed  MQTTPacket_read                
000006f3  MQTTPacket_readnb              
00000805  uart3_init                     
00000887  uart4_init                     
00000909  UART3_InChar                   
0000091d  UART4_InChar                   
00000931  read3_str                      
0000099b  read4_str                      
00000a05  UART3_OutChar                  
00000a21  UART4_OutChar                  
00000a3d  send_str3                      
00000a6d  send_str4                      
00000a9d  send_str3_mqtt                 
00000acf  send_str4_mqtt                 
00000b01  read_str3_user                 
00000b81  read_str4_user                 
00000be5  Delayms                        
00000c29  mcu_pub_init                   
00000c7d  mcu_sub_init                   
00000d35  MQTTSerialize_connectLength    
00000ded  MQTTSerialize_connect          
00000fa7  MQTTDeserialize_connack        
0000102f  MQTTSerialize_zero             
00001097  MQTTSerialize_disconnect       
000010ad  MQTTSerialize_pingreq          
000010e1  MyPublish                      
000011e1  MySub_Init                     
00001371  MQTTSerialize_publishLength    
000013af  MQTTSerialize_publish          
00001485  MQTTSerialize_ack              
0000151d  MQTTSerialize_puback           
00001541  MQTTSerialize_pubrel           
0000156b  MQTTSerialize_pubcomp          
00001599  MQTTSerialize_subscribeLength  
000015fd  MQTTSerialize_subscribe        
000016ff  MQTTDeserialize_suback         
000017b1  SystemInit                     
000017b3  UART4_Handler                  
0000182b  UART3_Handler                  
000018a3  main                           
00001909  __aeabi_memcpy                 
00001909  __aeabi_memcpy4                
00001909  __aeabi_memcpy8                
00001909  memcpy                         
000019a5  __aeabi_memclr                 
000019a5  __aeabi_memclr4                
000019a5  __aeabi_memclr8                
000019a7  __aeabi_memset                 
000019a7  __aeabi_memset4                
000019a7  __aeabi_memset8                
000019ad  memset                         
00001a1f  __mpu_init                     
00001a21  __TI_auto_init                 
00001a91  __TI_decompress_lzss           
00001af9  _c_int00                       
00001b4d  C$$EXIT                        
00001b51  abort                          
00001b59  exit                           
00001ba1  copy_in                        
00001bed  strncmp                        
00001c19  _args_main                     
00001c31  _register_unlock               
00001c37  _register_lock                 
00001c3f  _nop                           
00001c45  strlen                         
00001c59  IntMasterDisable               
00001c69  IntMasterEnable                
00001c79  __TI_decompress_none           
00001c87  CPUcpsid                       
00001c93  CPUcpsie                       
00001c9f  __TI_zero_init                 
00001cab  ResetISR                       
00001cb7  _system_pre_init               
00001cbb  _system_post_cinit             
00001dc8  __TI_Handler_Table_Base        
00001dd4  __TI_Handler_Table_Limit       
00001de0  __TI_CINIT_Base                
00001df0  __TI_CINIT_Limit               
20000000  received_sub                   
200000c8  dummy                          
20000160  test1                          
200001c4  test2                          
20000228  reading                        
20000234  connection                     
20000238  len                            
2000023c  __stack                        
2000043c  __STACK_END                    
2000043c  __STACK_TOP                    
2000043c  __TI_cleanup_ptr               
20000440  __TI_dtors_ptr                 
20000444  __TI_enable_exit_profile_output
20000448  _lock                          
2000044c  _unlock                        
20000450  i                              
20000451  j                              
20000452  count                          
20000453  z                              
20000454  connection_counter             
20000458  main_func_sp                   
ffffffff  __TI_pprof_out_hndl            
ffffffff  __TI_prof_data_size            
ffffffff  __TI_prof_data_start           
ffffffff  __binit__                      
ffffffff  __c_args__                     
ffffffff  binit                          
UNDEFED   SHT$$INIT_ARRAY$$Base          
UNDEFED   SHT$$INIT_ARRAY$$Limit         

[125 symbols]
